2026-08-10T01:48:36Z INF Thank you for trying Cloudflare Tunnel. Doing so, without a Cloudflare account, is a quick way to experiment and try it out. However, be aware that these account-less Tunnels have no uptime guarantee, are subject to the Cloudflare Online Services Terms of Use (https://www.cloudflare.com/website-terms/), and Cloudflare reserves the right to investigate your use of Tunnels for violations of such terms. If you intend to use Tunnels in production you should use a pre-created named tunnel by following: https://developers.cloudflare.com/cloudflare-one/connections/connect-apps
2026-08-10T01:48:36Z INF Requesting new quick Tunnel on trycloudflare.com...
2026-08-10T01:48:41Z INF +--------------------------------------------------------------------------------------------+
2026-08-10T01:48:41Z INF |  Your quick Tunnel has been created! Visit it at (it may take some time to be reachable):  |
2026-08-10T01:48:41Z INF |  https://clinical-airport-auditor-acceptance.trycloudflare.com                             |
2026-08-10T01:48:41Z INF +--------------------------------------------------------------------------------------------+
2026-08-10T01:48:41Z INF Version 2026.6.1 (Checksum 5253e66f1f493c4e13539749f1aa86fd0c61e3072900fec29a44ba046a6d97e2)
2026-08-10T01:48:41Z INF GOOS: windows, GOVersion: go1.26.4, GoArch: amd64
2026-08-10T01:48:41Z INF Settings: map[cred-file:C:\Users\ADMIN\.cloudflared\07202d8f-402d-4553-ac0d-cb8968fe6080.json credentials-file:C:\Users\ADMIN\.cloudflared\07202d8f-402d-4553-ac0d-cb8968fe6080.json ha-connections:1 protocol:quic url:http://localhost:3001]
2026-08-10T01:48:41Z INF cloudflared will not automatically update on Windows systems.
2026-08-10T01:48:41Z INF Generated Connector ID: 4bb63c5f-17e6-480b-9da0-7542388e06a1
2026-08-10T01:48:41Z INF Initial protocol quic
2026-08-10T01:48:41Z INF ICMP proxy will use 192.168.88.185 as source for IPv4
2026-08-10T01:48:41Z INF ICMP proxy will use fe80::37e6:6783:7bf8:b4a2 in zone Wi-Fi as source for IPv6
2026-08-10T01:48:41Z INF cloudflared does not support loading the system root certificate pool on Windows. Please use --origin-ca-pool <PATH> to specify the path to the certificate pool
2026-08-10T01:48:41Z INF cloudflared does not support loading the system root certificate pool on Windows. Please use --origin-ca-pool <PATH> to specify the path to the certificate pool
2026-08-10T01:48:41Z INF ICMP proxy will use 192.168.88.185 as source for IPv4
2026-08-10T01:48:41Z INF Tunnel connection curve preferences: [X25519MLKEM768 CurveID(65074) CurveP256] connIndex=0 event=0 ip=198.41.200.13
2026-08-10T01:48:41Z INF ICMP proxy will use fe80::37e6:6783:7bf8:b4a2 in zone Wi-Fi as source for IPv6
2026-08-10T01:48:41Z INF Starting metrics server on 127.0.0.1:20242/metrics
2026-08-10T01:48:41Z INF +-------------------------------------------------------------------------------------+
2026-08-10T01:48:41Z INF |                               CONNECTIVITY PRE-CHECKS                               |
2026-08-10T01:48:41Z INF +-------------------------------------------------------------------------------------+
2026-08-10T01:48:41Z INF |  COMPONENT         TARGET                     STATUS  DETAILS                       |
2026-08-10T01:48:41Z INF |  DNS Resolution    region1.v2.argotunnel.com  PASS    DNS Resolved successfully     |
2026-08-10T01:48:41Z INF |  DNS Resolution    region2.v2.argotunnel.com  PASS    DNS Resolved successfully     |
2026-08-10T01:48:41Z INF |  UDP Connectivity  region1.v2.argotunnel.com  PASS    QUIC connection successful    |
2026-08-10T01:48:41Z INF |  UDP Connectivity  region2.v2.argotunnel.com  PASS    QUIC connection successful    |
2026-08-10T01:48:41Z INF |  TCP Connectivity  region1.v2.argotunnel.com  PASS    HTTP/2 connection successful  |
2026-08-10T01:48:41Z INF |  TCP Connectivity  region2.v2.argotunnel.com  PASS    HTTP/2 connection successful  |
2026-08-10T01:48:41Z INF |  Cloudflare API    api.cloudflare.com:443     PASS    API is reachable              |
2026-08-10T01:48:41Z INF |                                                                                     |
2026-08-10T01:48:41Z INF |  SUMMARY: Environment is healthy. cloudflared will use 'quic' as primary protocol.  |
2026-08-10T01:48:41Z INF +-------------------------------------------------------------------------------------+
2026-08-10T01:48:41Z INF precheck component="DNS Resolution" details="DNS Resolved successfully" run_id=43b2dde1-9b93-476e-8d45-08a61659de86 status=pass target=region1.v2.argotunnel.com
2026-08-10T01:48:41Z INF precheck component="DNS Resolution" details="DNS Resolved successfully" run_id=43b2dde1-9b93-476e-8d45-08a61659de86 status=pass target=region2.v2.argotunnel.com
2026-08-10T01:48:41Z INF precheck component="UDP Connectivity" details="QUIC connection successful" run_id=43b2dde1-9b93-476e-8d45-08a61659de86 status=pass target=region1.v2.argotunnel.com
2026-08-10T01:48:41Z INF precheck component="UDP Connectivity" details="QUIC connection successful" run_id=43b2dde1-9b93-476e-8d45-08a61659de86 status=pass target=region2.v2.argotunnel.com
2026-08-10T01:48:41Z INF precheck component="TCP Connectivity" details="HTTP/2 connection successful" run_id=43b2dde1-9b93-476e-8d45-08a61659de86 status=pass target=region1.v2.argotunnel.com
2026-08-10T01:48:41Z INF precheck component="TCP Connectivity" details="HTTP/2 connection successful" run_id=43b2dde1-9b93-476e-8d45-08a61659de86 status=pass target=region2.v2.argotunnel.com
2026-08-10T01:48:41Z INF precheck component="Cloudflare API" details="API is reachable" run_id=43b2dde1-9b93-476e-8d45-08a61659de86 status=pass target=api.cloudflare.com:443
2026-08-10T01:48:41Z INF precheck complete hard_fail=false run_id=43b2dde1-9b93-476e-8d45-08a61659de86 suggested_protocol=quic
2026-08-10T01:48:41Z INF Registered tunnel connection connIndex=0 connection=7dc692a6-f41a-4daa-aa0f-332bede02933 event=0 ip=198.41.200.13 location=hkg08 protocol=quic
2026-08-10T06:48:47Z ERR Failed to refresh DNS local resolver error="lookup region1.v2.argotunnel.com: i/o timeout"
